[2026-09-21 18:24:24 IST] INFO [Service Name -> bookstore-payment-service], [TraceId -> ], [SpanId -> ] 
      <background-preinit> org.hibernate.validator.internal.util.Version : HV000001: Hibernate Validator 6.1.5.Final
[2026-09-21 18:24:25 IST] INFO [Service Name -> bookstore-payment-service], [TraceId -> ], [SpanId -> ] 
      <main> org.springframework.context.support.PostProcessorRegistrationDelegate$BeanPostProcessorChecker : Bean 'org.springframework.cloud.autoconfigure.ConfigurationPropertiesRebinderAutoConfiguration' of type [org.springframework.cloud.autoconfigure.ConfigurationPropertiesRebinderAutoConfiguration] is not eligible for getting processed by all BeanPostProcessors (for example: not eligible for auto-proxying)
[2026-09-21 18:24:29 IST] INFO [Service Name -> bookstore-payment-service], [TraceId -> ], [SpanId -> ] 
      <main> com.devd.spring.bookstorepaymentservice.BookstorePaymentServiceApplication : The following profiles are active: local
[2026-09-21 18:24:51 IST] INFO [Service Name -> bookstore-payment-service], [TraceId -> ], [SpanId -> ] 
      <main> org.springframework.data.repository.config.RepositoryConfigurationDelegate : Bootstrapping Spring Data JPA repositories in DEFERRED mode.
[2026-09-21 18:24:52 IST] INFO [Service Name -> bookstore-payment-service], [TraceId -> ], [SpanId -> ] 
      <main> org.springframework.data.repository.config.RepositoryConfigurationDelegate : Finished Spring Data repository scanning in 916ms. Found 1 JPA repository interfaces.
[2026-09-21 18:24:55 IST] INFO [Service Name -> bookstore-payment-service], [TraceId -> ], [SpanId -> ] 
      <main> org.springframework.cloud.context.scope.GenericScope : BeanFactory id=d82a646a-c52c-3d56-a721-1d2b71dce6aa
[2026-09-21 18:24:57 IST] INFO [Service Name -> bookstore-payment-service], [TraceId -> ], [SpanId -> ] 
      <main> org.springframework.context.support.PostProcessorRegistrationDelegate$BeanPostProcessorChecker : Bean 'org.springframework.security.access.expression.method.DefaultMethodSecurityExpressionHandler@3c18942' of type [org.springframework.security.access.expression.method.DefaultMethodSecurityExpressionHandler] is not eligible for getting processed by all BeanPostProcessors (for example: not eligible for auto-proxying)
[2026-09-21 18:24:57 IST] INFO [Service Name -> bookstore-payment-service], [TraceId -> ], [SpanId -> ] 
      <main> org.springframework.context.support.PostProcessorRegistrationDelegate$BeanPostProcessorChecker : Bean 'methodSecurityMetadataSource' of type [org.springframework.security.access.method.DelegatingMethodSecurityMetadataSource] is not eligible for getting processed by all BeanPostProcessors (for example: not eligible for auto-proxying)
[2026-09-21 18:24:57 IST] INFO [Service Name -> bookstore-payment-service], [TraceId -> ], [SpanId -> ] 
      <main> org.springframework.context.support.PostProcessorRegistrationDelegate$BeanPostProcessorChecker : Bean 'org.springframework.cloud.autoconfigure.ConfigurationPropertiesRebinderAutoConfiguration' of type [org.springframework.cloud.autoconfigure.ConfigurationPropertiesRebinderAutoConfiguration] is not eligible for getting processed by all BeanPostProcessors (for example: not eligible for auto-proxying)
[2026-09-21 18:24:59 IST] INFO [Service Name -> bookstore-payment-service], [TraceId -> ], [SpanId -> ] 
      <main> org.springframework.boot.web.embedded.tomcat.TomcatWebServer : Tomcat initialized with port(s): 8001 (http)
[2026-09-21 18:24:59 IST] INFO [Service Name -> bookstore-payment-service], [TraceId -> ], [SpanId -> ] 
      <main> org.apache.coyote.http11.Http11NioProtocol : Initializing ProtocolHandler ["http-nio-8001"]
[2026-09-21 18:24:59 IST] INFO [Service Name -> bookstore-payment-service], [TraceId -> ], [SpanId -> ] 
      <main> org.apache.catalina.core.StandardService : Starting service [Tomcat]
[2026-09-21 18:24:59 IST] INFO [Service Name -> bookstore-payment-service], [TraceId -> ], [SpanId -> ] 
      <main> org.apache.catalina.core.StandardEngine : Starting Servlet engine: [Apache Tomcat/9.0.38]
[2026-09-21 18:24:59 IST] INFO [Service Name -> bookstore-payment-service], [TraceId -> ], [SpanId -> ] 
      <main> org.apache.catalina.core.ContainerBase.[Tomcat].[localhost].[/] : Initializing Spring embedded WebApplicationContext
[2026-09-21 18:24:59 IST] INFO [Service Name -> bookstore-payment-service], [TraceId -> ], [SpanId -> ] 
      <main> org.springframework.boot.web.servlet.context.ServletWebServerApplicationContext : Root WebApplicationContext: initialization completed in 30589 ms
[2026-09-21 18:25:00 IST] WARN [Service Name -> bookstore-payment-service], [TraceId -> ], [SpanId -> ] 
      <main> com.netflix.config.sources.URLConfigurationSource : No URLs will be polled as dynamic configuration sources.
[2026-09-21 18:25:00 IST] INFO [Service Name -> bookstore-payment-service], [TraceId -> ], [SpanId -> ] 
      <main> com.netflix.config.sources.URLConfigurationSource : To enable URLs as dynamic configuration sources, define System property archaius.configurationSource.additionalUrls or make config.properties available on classpath.
[2026-09-21 18:25:00 IST] INFO [Service Name -> bookstore-payment-service], [TraceId -> ], [SpanId -> ] 
      <main> com.netflix.config.DynamicPropertyFactory : DynamicPropertyFactory is initialized with configuration sources: com.netflix.config.ConcurrentCompositeConfiguration@29b5533
[2026-09-21 18:25:01 IST] INFO [Service Name -> bookstore-payment-service], [TraceId -> ], [SpanId -> ] 
      <main> com.zaxxer.hikari.HikariDataSource : HikariPool-1 - Starting...
[2026-09-21 18:25:01 IST] INFO [Service Name -> bookstore-payment-service], [TraceId -> ], [SpanId -> ] 
      <main> com.zaxxer.hikari.HikariDataSource : HikariPool-1 - Start completed.
[2026-09-21 18:25:02 IST] INFO [Service Name -> bookstore-payment-service], [TraceId -> ], [SpanId -> ] 
      <main> org.springframework.boot.autoconfigure.h2.H2ConsoleAutoConfiguration : H2 console available at '/h2-console'. Database available at 'jdbc:h2:mem:bookstore_db'
[2026-09-21 18:25:02 IST] WARN [Service Name -> bookstore-payment-service], [TraceId -> ], [SpanId -> ] 
      <main> org.springframework.boot.actuate.endpoint.EndpointId : Endpoint ID 'service-registry' contains invalid characters, please migrate to a valid format.
[2026-09-21 18:25:04 IST] WARN [Service Name -> bookstore-payment-service], [TraceId -> ], [SpanId -> ] 
      <main> org.springframework.cloud.sleuth.zipkin2.ZipkinAutoConfiguration : Check result of the [AsyncReporter{org.springframework.cloud.sleuth.zipkin2.sender.RestTemplateSender@5a466dd}] contains an error [CheckResult{ok=false, error=org.springframework.web.client.ResourceAccessException: I/O error on POST request for "http://localhost:9411/api/v2/spans": connect timed out; nested exception is java.net.SocketTimeoutException: connect timed out}]
[2026-09-21 18:25:07 IST] INFO [Service Name -> bookstore-payment-service], [TraceId -> ], [SpanId -> ] 
      <main> org.flywaydb.core.internal.license.VersionPrinter : Flyway Community Edition 5.2.4 by Boxfuse
[2026-09-21 18:25:07 IST] INFO [Service Name -> bookstore-payment-service], [TraceId -> ], [SpanId -> ] 
      <main> org.flywaydb.core.internal.database.DatabaseFactory : Database: jdbc:h2:mem:bookstore_db (H2 1.4)
[2026-09-21 18:25:07 IST] INFO [Service Name -> bookstore-payment-service], [TraceId -> ], [SpanId -> ] 
      <main> org.flywaydb.core.internal.command.DbValidate : Successfully validated 1 migration (execution time 00:00.153s)
[2026-09-21 18:25:07 IST] INFO [Service Name -> bookstore-payment-service], [TraceId -> ], [SpanId -> ] 
      <main> org.flywaydb.core.internal.schemahistory.JdbcTableSchemaHistory : Creating Schema History table: "PUBLIC"."payment_service_flyway_history"
[2026-09-21 18:25:07 IST] INFO [Service Name -> bookstore-payment-service], [TraceId -> ], [SpanId -> ] 
      <main> org.flywaydb.core.internal.command.DbMigrate : Current version of schema "PUBLIC": << Empty Schema >>
[2026-09-21 18:25:07 IST] INFO [Service Name -> bookstore-payment-service], [TraceId -> ], [SpanId -> ] 
      <main> org.flywaydb.core.internal.command.DbMigrate : Migrating schema "PUBLIC" to version 1 - payment-service-schema
[2026-09-21 18:25:07 IST] INFO [Service Name -> bookstore-payment-service], [TraceId -> ], [SpanId -> ] 
      <main> org.flywaydb.core.internal.command.DbMigrate : Successfully applied 1 migration to schema "PUBLIC" (execution time 00:00.215s)
[2026-09-21 18:25:08 IST] INFO [Service Name -> bookstore-payment-service], [TraceId -> ], [SpanId -> ] 
      <main> org.springframework.scheduling.concurrent.ThreadPoolTaskExecutor : Initializing ExecutorService 'applicationTaskExecutor'
[2026-09-21 18:25:08 IST] INFO [Service Name -> bookstore-payment-service], [TraceId -> ], [SpanId -> ] 
      <task-1> org.hibernate.jpa.internal.util.LogHelper : HHH000204: Processing PersistenceUnitInfo [name: default]
[2026-09-21 18:25:08 IST] INFO [Service Name -> bookstore-payment-service], [TraceId -> ], [SpanId -> ] 
      <task-1> org.hibernate.Version : HHH000412: Hibernate ORM core version 5.4.21.Final
[2026-09-21 18:25:09 IST] INFO [Service Name -> bookstore-payment-service], [TraceId -> ], [SpanId -> ] 
      <task-1> org.hibernate.annotations.common.Version : HCANN000001: Hibernate Commons Annotations {5.1.0.Final}
[2026-09-21 18:25:10 IST] INFO [Service Name -> bookstore-payment-service], [TraceId -> ], [SpanId -> ] 
      <task-1> org.hibernate.dialect.Dialect : HHH000400: Using dialect: org.hibernate.dialect.H2Dialect
[2026-09-21 18:25:13 IST] INFO [Service Name -> bookstore-payment-service], [TraceId -> ], [SpanId -> ] 
      <task-1> org.hibernate.engine.transaction.jta.platform.internal.JtaPlatformInitiator : HHH000490: Using JtaPlatform implementation: [org.hibernate.engine.transaction.jta.platform.internal.NoJtaPlatform]
[2026-09-21 18:25:13 IST] INFO [Service Name -> bookstore-payment-service], [TraceId -> ], [SpanId -> ] 
      <task-1> org.springframework.orm.jpa.LocalContainerEntityManagerFactoryBean : Initialized JPA EntityManagerFactory for persistence unit 'default'
[2026-09-21 18:25:21 IST] INFO [Service Name -> bookstore-payment-service], [TraceId -> ], [SpanId -> ] 
      <main> org.springframework.boot.actuate.endpoint.web.EndpointLinksResolver : Exposing 22 endpoint(s) beneath base path '/actuator'
[2026-09-21 18:25:23 IST] INFO [Service Name -> bookstore-payment-service], [TraceId -> ], [SpanId -> ] 
      <main> org.springframework.security.web.DefaultSecurityFilterChain : Creating filter chain: Ant [pattern='/v2/api-docs'], []
[2026-09-21 18:25:23 IST] INFO [Service Name -> bookstore-payment-service], [TraceId -> ], [SpanId -> ] 
      <main> org.springframework.security.web.DefaultSecurityFilterChain : Creating filter chain: Ant [pattern='/configuration/ui'], []
[2026-09-21 18:25:23 IST] INFO [Service Name -> bookstore-payment-service], [TraceId -> ], [SpanId -> ] 
      <main> org.springframework.security.web.DefaultSecurityFilterChain : Creating filter chain: Ant [pattern='/swagger-resources/**'], []
[2026-09-21 18:25:23 IST] INFO [Service Name -> bookstore-payment-service], [TraceId -> ], [SpanId -> ] 
      <main> org.springframework.security.web.DefaultSecurityFilterChain : Creating filter chain: Ant [pattern='/configuration/**'], []
[2026-09-21 18:25:23 IST] INFO [Service Name -> bookstore-payment-service], [TraceId -> ], [SpanId -> ] 
      <main> org.springframework.security.web.DefaultSecurityFilterChain : Creating filter chain: Ant [pattern='/swagger-ui.html'], []
[2026-09-21 18:25:23 IST] INFO [Service Name -> bookstore-payment-service], [TraceId -> ], [SpanId -> ] 
      <main> org.springframework.security.web.DefaultSecurityFilterChain : Creating filter chain: Ant [pattern='/webjars/**'], []
[2026-09-21 18:25:24 IST] INFO [Service Name -> bookstore-payment-service], [TraceId -> ], [SpanId -> ] 
      <main> org.springframework.security.web.DefaultSecurityFilterChain : Creating filter chain: any request, [org.springframework.security.web.context.request.async.WebAsyncManagerIntegrationFilter@73eae5f, org.springframework.security.web.context.SecurityContextPersistenceFilter@345540f9, org.springframework.security.web.header.HeaderWriterFilter@6aa792, org.springframework.web.filter.CorsFilter@4902c584, org.springframework.security.web.authentication.logout.LogoutFilter@197180a5, org.springframework.security.oauth2.provider.authentication.OAuth2AuthenticationProcessingFilter@3e8fe7db, org.springframework.security.web.savedrequest.RequestCacheAwareFilter@138a952f, org.springframework.security.web.servletapi.SecurityContextHolderAwareRequestFilter@acb1c9c, org.springframework.security.web.authentication.AnonymousAuthenticationFilter@7698a3d9, org.springframework.security.web.session.SessionManagementFilter@3e18e693, org.springframework.security.web.access.ExceptionTranslationFilter@de40aa1, org.springframework.security.web.access.intercept.FilterSecurityInterceptor@3a359f7c]
[2026-09-21 18:25:24 IST] INFO [Service Name -> bookstore-payment-service], [TraceId -> ], [SpanId -> ] 
      <main> org.springframework.security.web.DefaultSecurityFilterChain : Creating filter chain: any request, [org.springframework.security.web.context.request.async.WebAsyncManagerIntegrationFilter@54a5799f, org.springframework.security.web.context.SecurityContextPersistenceFilter@43e86c0c, org.springframework.security.web.header.HeaderWriterFilter@56d6e2e1, org.springframework.web.filter.CorsFilter@162e29a1, org.springframework.security.web.authentication.logout.LogoutFilter@77925f76, org.springframework.security.web.authentication.www.BasicAuthenticationFilter@7488c183, org.springframework.security.web.savedrequest.RequestCacheAwareFilter@c6c58ce, org.springframework.security.web.servletapi.SecurityContextHolderAwareRequestFilter@6d4c7248, org.springframework.security.web.authentication.AnonymousAuthenticationFilter@54b96813, org.springframework.security.web.session.SessionManagementFilter@4e9695cf, org.springframework.security.web.access.ExceptionTranslationFilter@4271b748]
[2026-09-21 18:25:25 IST] WARN [Service Name -> bookstore-payment-service], [TraceId -> ], [SpanId -> ] 
      <main> com.netflix.config.sources.URLConfigurationSource : No URLs will be polled as dynamic configuration sources.
[2026-09-21 18:25:25 IST] INFO [Service Name -> bookstore-payment-service], [TraceId -> ], [SpanId -> ] 
      <main> com.netflix.config.sources.URLConfigurationSource : To enable URLs as dynamic configuration sources, define System property archaius.configurationSource.additionalUrls or make config.properties available on classpath.
[2026-09-21 18:25:32 IST] WARN [Service Name -> bookstore-payment-service], [TraceId -> ], [SpanId -> ] 
      <main> org.springframework.cloud.loadbalancer.config.BlockingLoadBalancerClientAutoConfiguration$BlockingLoadBalancerClientRibbonWarnLogger : You already have RibbonLoadBalancerClient on your classpath. It will be used by default. As Spring Cloud Ribbon is in maintenance mode. We recommend switching to BlockingLoadBalancerClient instead. In order to use it, set the value of `spring.cloud.loadbalancer.ribbon.enabled` to `false` or remove spring-cloud-starter-netflix-ribbon from your project.
[2026-09-21 18:25:34 IST] WARN [Service Name -> bookstore-payment-service], [TraceId -> ], [SpanId -> ] 
      <main> org.springframework.cloud.loadbalancer.config.LoadBalancerCacheAutoConfiguration$LoadBalancerCaffeineWarnLogger : Spring Cloud LoadBalancer is currently working with default default cache. You can switch to using Caffeine cache, by adding it to the classpath.
[2026-09-21 18:25:35 IST] INFO [Service Name -> bookstore-payment-service], [TraceId -> ], [SpanId -> ] 
      <main> org.springframework.cloud.netflix.eureka.InstanceInfoFactory : Setting initial instance status as: STARTING
[2026-09-21 18:25:35 IST] INFO [Service Name -> bookstore-payment-service], [TraceId -> ], [SpanId -> ] 
      <main> com.netflix.discovery.DiscoveryClient : Initializing Eureka in region us-east-1
[2026-09-21 18:25:36 IST] INFO [Service Name -> bookstore-payment-service], [TraceId -> ], [SpanId -> ] 
      <main> com.netflix.discovery.provider.DiscoveryJerseyProvider : Using JSON encoding codec LegacyJacksonJson
[2026-09-21 18:25:36 IST] INFO [Service Name -> bookstore-payment-service], [TraceId -> ], [SpanId -> ] 
      <main> com.netflix.discovery.provider.DiscoveryJerseyProvider : Using JSON decoding codec LegacyJacksonJson
[2026-09-21 18:25:36 IST] INFO [Service Name -> bookstore-payment-service], [TraceId -> ], [SpanId -> ] 
      <main> com.netflix.discovery.provider.DiscoveryJerseyProvider : Using XML encoding codec XStreamXml
[2026-09-21 18:25:36 IST] INFO [Service Name -> bookstore-payment-service], [TraceId -> ], [SpanId -> ] 
      <main> com.netflix.discovery.provider.DiscoveryJerseyProvider : Using XML decoding codec XStreamXml
[2026-09-21 18:25:37 IST] INFO [Service Name -> bookstore-payment-service], [TraceId -> ], [SpanId -> ] 
      <main> com.netflix.discovery.shared.resolver.aws.ConfigClusterResolver : Resolving eureka endpoints via configuration
[2026-09-21 18:25:38 IST] INFO [Service Name -> bookstore-payment-service], [TraceId -> ], [SpanId -> ] 
      <main> com.netflix.discovery.DiscoveryClient : Disable delta property : false
[2026-09-21 18:25:38 IST] INFO [Service Name -> bookstore-payment-service], [TraceId -> ], [SpanId -> ] 
      <main> com.netflix.discovery.DiscoveryClient : Single vip registry refresh property : null
[2026-09-21 18:25:38 IST] INFO [Service Name -> bookstore-payment-service], [TraceId -> ], [SpanId -> ] 
      <main> com.netflix.discovery.DiscoveryClient : Force full registry fetch : false
[2026-09-21 18:25:38 IST] INFO [Service Name -> bookstore-payment-service], [TraceId -> ], [SpanId -> ] 
      <main> com.netflix.discovery.DiscoveryClient : Application is null : false
[2026-09-21 18:25:38 IST] INFO [Service Name -> bookstore-payment-service], [TraceId -> ], [SpanId -> ] 
      <main> com.netflix.discovery.DiscoveryClient : Registered Applications size is zero : true
[2026-09-21 18:25:38 IST] INFO [Service Name -> bookstore-payment-service], [TraceId -> ], [SpanId -> ] 
      <main> com.netflix.discovery.DiscoveryClient : Application version is -1: true
[2026-09-21 18:25:38 IST] INFO [Service Name -> bookstore-payment-service], [TraceId -> ], [SpanId -> ] 
      <main> com.netflix.discovery.DiscoveryClient : Getting all instance registry info from the eureka server
[2026-09-21 18:25:40 IST] INFO [Service Name -> bookstore-payment-service], [TraceId -> ], [SpanId -> ] 
      <main> com.netflix.discovery.DiscoveryClient : The response status is 200
[2026-09-21 18:25:40 IST] INFO [Service Name -> bookstore-payment-service], [TraceId -> ], [SpanId -> ] 
      <main> com.netflix.discovery.DiscoveryClient : Starting heartbeat executor: renew interval is: 30
[2026-09-21 18:25:40 IST] INFO [Service Name -> bookstore-payment-service], [TraceId -> ], [SpanId -> ] 
      <main> com.netflix.discovery.InstanceInfoReplicator : InstanceInfoReplicator onDemand update allowed rate per min is 4
[2026-09-21 18:25:40 IST] INFO [Service Name -> bookstore-payment-service], [TraceId -> ], [SpanId -> ] 
      <main> com.netflix.discovery.DiscoveryClient : Discovery Client initialized at timestamp 1789995340329 with initial instances count: 0
[2026-09-21 18:25:40 IST] INFO [Service Name -> bookstore-payment-service], [TraceId -> ], [SpanId -> ] 
      <main> org.springframework.cloud.netflix.eureka.serviceregistry.EurekaServiceRegistry : Registering application BOOKSTORE-PAYMENT-SERVICE with eureka with status UP
[2026-09-21 18:25:40 IST] INFO [Service Name -> bookstore-payment-service], [TraceId -> ], [SpanId -> ] 
      <main> com.netflix.discovery.DiscoveryClient : Saw local status change event StatusChangeEvent [timestamp=1789995340374, current=UP, previous=STARTING]
[2026-09-21 18:25:40 IST] INFO [Service Name -> bookstore-payment-service], [TraceId -> ], [SpanId -> ] 
      <DiscoveryClient-InstanceInfoReplicator-0> com.netflix.discovery.DiscoveryClient : DiscoveryClient_BOOKSTORE-PAYMENT-SERVICE/LAPTOP-PIAE5DDA:bookstore-payment-service:8001: registering service...
[2026-09-21 18:25:40 IST] INFO [Service Name -> bookstore-payment-service], [TraceId -> ], [SpanId -> ] 
      <main> org.apache.coyote.http11.Http11NioProtocol : Starting ProtocolHandler ["http-nio-8001"]
[2026-09-21 18:25:40 IST] INFO [Service Name -> bookstore-payment-service], [TraceId -> ], [SpanId -> ] 
      <main> org.springframework.boot.web.embedded.tomcat.TomcatWebServer : Tomcat started on port(s): 8001 (http) with context path ''
[2026-09-21 18:25:40 IST] INFO [Service Name -> bookstore-payment-service], [TraceId -> ], [SpanId -> ] 
      <main> org.springframework.cloud.netflix.eureka.serviceregistry.EurekaAutoServiceRegistration : Updating port to 8001
[2026-09-21 18:25:40 IST] INFO [Service Name -> bookstore-payment-service], [TraceId -> ], [SpanId -> ] 
      <DiscoveryClient-InstanceInfoReplicator-0> com.netflix.discovery.DiscoveryClient : DiscoveryClient_BOOKSTORE-PAYMENT-SERVICE/LAPTOP-PIAE5DDA:bookstore-payment-service:8001 - registration status: 204
[2026-09-21 18:25:45 IST] INFO [Service Name -> bookstore-payment-service], [TraceId -> ], [SpanId -> ] 
      <main> org.springframework.data.repository.config.DeferredRepositoryInitializationListener : Triggering deferred initialization of Spring Data repositories…
[2026-09-21 18:25:46 IST] INFO [Service Name -> bookstore-payment-service], [TraceId -> ], [SpanId -> ] 
      <main> org.springframework.data.repository.config.DeferredRepositoryInitializationListener : Spring Data repositories initialized!
[2026-09-21 18:25:46 IST] INFO [Service Name -> bookstore-payment-service], [TraceId -> ], [SpanId -> ] 
      <main> com.devd.spring.bookstorepaymentservice.BookstorePaymentServiceApplication : Started BookstorePaymentServiceApplication in 87.638 seconds (JVM running for 93.574)
[2026-09-21 18:25:49 IST] INFO [Service Name -> bookstore-payment-service], [TraceId -> ], [SpanId -> ] 
      <RMI TCP Connection(9)-172.27.176.1> org.apache.catalina.core.ContainerBase.[Tomcat].[localhost].[/] : Initializing Spring DispatcherServlet 'dispatcherServlet'
[2026-09-21 18:25:49 IST] INFO [Service Name -> bookstore-payment-service], [TraceId -> ], [SpanId -> ] 
      <RMI TCP Connection(9)-172.27.176.1> org.springframework.web.servlet.DispatcherServlet : Initializing Servlet 'dispatcherServlet'
[2026-09-21 18:25:49 IST] INFO [Service Name -> bookstore-payment-service], [TraceId -> ], [SpanId -> ] 
      <RMI TCP Connection(9)-172.27.176.1> org.springframework.web.servlet.DispatcherServlet : Completed initialization in 109 ms
[2026-09-21 18:26:10 IST] INFO [Service Name -> bookstore-payment-service], [TraceId -> ], [SpanId -> ] 
      <DiscoveryClient-CacheRefreshExecutor-0> com.netflix.discovery.DiscoveryClient : Disable delta property : false
[2026-09-21 18:26:10 IST] INFO [Service Name -> bookstore-payment-service], [TraceId -> ], [SpanId -> ] 
      <DiscoveryClient-CacheRefreshExecutor-0> com.netflix.discovery.DiscoveryClient : Single vip registry refresh property : null
[2026-09-21 18:26:10 IST] INFO [Service Name -> bookstore-payment-service], [TraceId -> ], [SpanId -> ] 
      <DiscoveryClient-CacheRefreshExecutor-0> com.netflix.discovery.DiscoveryClient : Force full registry fetch : false
[2026-09-21 18:26:10 IST] INFO [Service Name -> bookstore-payment-service], [TraceId -> ], [SpanId -> ] 
      <DiscoveryClient-CacheRefreshExecutor-0> com.netflix.discovery.DiscoveryClient : Application is null : false
[2026-09-21 18:26:10 IST] INFO [Service Name -> bookstore-payment-service], [TraceId -> ], [SpanId -> ] 
      <DiscoveryClient-CacheRefreshExecutor-0> com.netflix.discovery.DiscoveryClient : Registered Applications size is zero : true
[2026-09-21 18:26:10 IST] INFO [Service Name -> bookstore-payment-service], [TraceId -> ], [SpanId -> ] 
      <DiscoveryClient-CacheRefreshExecutor-0> com.netflix.discovery.DiscoveryClient : Application version is -1: false
[2026-09-21 18:26:10 IST] INFO [Service Name -> bookstore-payment-service], [TraceId -> ], [SpanId -> ] 
      <DiscoveryClient-CacheRefreshExecutor-0> com.netflix.discovery.DiscoveryClient : Getting all instance registry info from the eureka server
[2026-09-21 18:26:10 IST] INFO [Service Name -> bookstore-payment-service], [TraceId -> ], [SpanId -> ] 
      <DiscoveryClient-CacheRefreshExecutor-0> com.netflix.discovery.DiscoveryClient : The response status is 200
[2026-09-21 18:30:38 IST] INFO [Service Name -> bookstore-payment-service], [TraceId -> ], [SpanId -> ] 
      <AsyncResolver-bootstrap-executor-0> com.netflix.discovery.shared.resolver.aws.ConfigClusterResolver : Resolving eureka endpoints via configuration
[2026-09-21 18:35:38 IST] INFO [Service Name -> bookstore-payment-service], [TraceId -> ], [SpanId -> ] 
      <AsyncResolver-bootstrap-executor-0> com.netflix.discovery.shared.resolver.aws.ConfigClusterResolver : Resolving eureka endpoints via configuration
[2026-09-21 18:40:38 IST] INFO [Service Name -> bookstore-payment-service], [TraceId -> ], [SpanId -> ] 
      <AsyncResolver-bootstrap-executor-0> com.netflix.discovery.shared.resolver.aws.ConfigClusterResolver : Resolving eureka endpoints via configuration
[2026-09-21 18:45:38 IST] INFO [Service Name -> bookstore-payment-service], [TraceId -> ], [SpanId -> ] 
      <AsyncResolver-bootstrap-executor-0> com.netflix.discovery.shared.resolver.aws.ConfigClusterResolver : Resolving eureka endpoints via configuration
[2026-09-21 18:50:38 IST] INFO [Service Name -> bookstore-payment-service], [TraceId -> ], [SpanId -> ] 
      <AsyncResolver-bootstrap-executor-0> com.netflix.discovery.shared.resolver.aws.ConfigClusterResolver : Resolving eureka endpoints via configuration
[2026-09-21 18:55:38 IST] INFO [Service Name -> bookstore-payment-service], [TraceId -> ], [SpanId -> ] 
      <AsyncResolver-bootstrap-executor-0> com.netflix.discovery.shared.resolver.aws.ConfigClusterResolver : Resolving eureka endpoints via configuration
[2026-09-21 19:00:38 IST] INFO [Service Name -> bookstore-payment-service], [TraceId -> ], [SpanId -> ] 
      <AsyncResolver-bootstrap-executor-0> com.netflix.discovery.shared.resolver.aws.ConfigClusterResolver : Resolving eureka endpoints via configuration
